// Jest Snapshot v1, https://goo.gl/fbAQLP

exports[`<FaceCount /> returns correct face count snapshot with faces 1`] = `
<div
  className="mv2"
>
  <h3>
    I am able to grab 
    <span
      className="f2-ns f3 white"
    >
      5
    </span>
     faces from your image!
  </h3>
</div>
`;

exports[`<FaceCount /> returns correct face count snapshot with no faces 1`] = `
<p
  className="f4 mt3 mb3"
>
  I am unable to grab faces from your image.
</p>
`;
